
 ERROR in simulation var_nb_cell1575198485! Here is the log of the error: 
MATLAB:class:RequireScalar
Invalid input for argument 1 (object):
Value must be a scalar.

 ERROR in simulation var_nb_cell1575199744! Here is the log of the error: 
MATLAB:badsubscript
Index exceeds the number of array elements (11).

 ERROR in simulation var_nb_cell1575199744! Here is the log of the error: 
MATLAB:badsubscript
Index exceeds the number of array elements (11).

 ERROR in simulation var_nb_cell1575199744! Here is the log of the error: 
MATLAB:badsubscript
Index exceeds the number of array elements (11).

 ERROR in simulation var_nb_cell1575199744! Here is the log of the error: 
MATLAB:badsubscript
Index exceeds the number of array elements (11).

 ERROR in simulation var_nb_cell1575199744! Here is the log of the error: 
MATLAB:badsubscript
Index exceeds the number of array elements (11).

 ERROR in simulation var_nb_cell1575199744! Here is the log of the error: 
MATLAB:badsubscript
Index exceeds the number of array elements (11).

 ERROR in simulation var_nb_cell1575199744! Here is the log of the error: 
MATLAB:badsubscript
Index exceeds the number of array elements (11).

 ERROR in simulation var_nb_cell1575199744! Here is the log of the error: 
MATLAB:badsubscript
Index exceeds the number of array elements (11).

 ERROR in simulation var_nb_cell1575199744! Here is the log of the error: 
MATLAB:badsubscript
Index exceeds the number of array elements (11).

 ERROR in simulation var_nb_cell1575199744! Here is the log of the error: 
MATLAB:badsubscript
Index exceeds the number of array elements (11).

 ERROR in simulation var_nb_cell1575199744! Here is the log of the error: 
MATLAB:badsubscript
Index exceeds the number of array elements (11).

 ERROR in simulation var_nb_cell1575199744! Here is the log of the error: 
MATLAB:badsubscript
Index exceeds the number of array elements (11).

 ERROR in simulation var_nb_cell1575199744! Here is the log of the error: 
MATLAB:badsubscript
Index exceeds the number of array elements (11).

 ERROR in simulation var_nb_cell1575199744! Here is the log of the error: 
MATLAB:badsubscript
Index exceeds the number of array elements (11).

 ERROR in simulation var_nb_cell1575199744! Here is the log of the error: 
MATLAB:badsubscript
Index exceeds the number of array elements (11).

 ERROR in simulation var_nb_cell1575199744! Here is the log of the error: 
MATLAB:badsubscript
Index exceeds the number of array elements (11).

 ERROR in simulation var_nb_cell1575199744! Here is the log of the error: 
MATLAB:badsubscript
Index exceeds the number of array elements (11).

 ERROR in simulation var_nb_cell1575199744! Here is the log of the error: 
MATLAB:badsubscript
Index exceeds the number of array elements (11).

 ERROR in simulation var_nb_cell1575199744! Here is the log of the error: 
MATLAB:badsubscript
Index exceeds the number of array elements (11).

 ERROR in simulation var_nb_cell1575199744! Here is the log of the error: 
MATLAB:badsubscript
Index exceeds the number of array elements (11).

 ERROR in simulation var_nb_cell1575199744! Here is the log of the error: 
MATLAB:badsubscript
Index exceeds the number of array elements (11).

 ERROR in simulation var_nb_cell1575199744! Here is the log of the error: 
MATLAB:badsubscript
Index exceeds the number of array elements (11).

 ERROR in simulation var_nb_cell1575199744! Here is the log of the error: 
MATLAB:badsubscript
Index exceeds the number of array elements (11).

 ERROR in simulation var_nb_cell1575199744! Here is the log of the error: 
MATLAB:badsubscript
Index exceeds the number of array elements (11).

 ERROR in simulation var_nb_cell1575199744! Here is the log of the error: 
MATLAB:badsubscript
Index exceeds the number of array elements (11).

 ERROR in simulation var_nb_cell1575199744! Here is the log of the error: 
MATLAB:badsubscript
Index exceeds the number of array elements (11).

 ERROR in simulation var_nb_cell1575199744! Here is the log of the error: 
MATLAB:badsubscript
Index exceeds the number of array elements (11).

 ERROR in simulation var_nb_cell1575199744! Here is the log of the error: 
MATLAB:badsubscript
Index exceeds the number of array elements (11).

 ERROR in simulation var_nb_cell1575199744! Here is the log of the error: 
MATLAB:badsubscript
Index exceeds the number of array elements (11).

 ERROR in simulation var_nb_cell1575199744! Here is the log of the error: 
MATLAB:badsubscript
Index exceeds the number of array elements (11).

 ERROR in simulation var_nb_cell1575199744! Here is the log of the error: 
MATLAB:badsubscript
Index exceeds the number of array elements (11).

 ERROR in simulation var_nb_cell1575199744! Here is the log of the error: 
MATLAB:badsubscript
Index exceeds the number of array elements (11).

 ERROR in simulation var_nb_cell1575199744! Here is the log of the error: 
MATLAB:badsubscript
Index exceeds the number of array elements (11).

 ERROR in simulation var_nb_cell1575199744! Here is the log of the error: 
MATLAB:badsubscript
Index exceeds the number of array elements (11).

 ERROR in simulation var_nb_cell1575201107! Here is the log of the error: 
MATLAB:class:RequireScalar
Invalid input for argument 1 (object):
Value must be a scalar.

 ERROR in simulation var_beta1575467283! Here is the log of the error: 
MATLAB:handle_graphics:exceptions:UserBreak
Operation terminated by user

 ERROR in simulation var_beta1575467531! Here is the log of the error: 
MATLAB:UndefinedFunction
Unrecognized function or variable 'patient_zero_coord'.

 ERROR in simulation var_beta1575467543! Here is the log of the error: 
MATLAB:UndefinedFunction
Unrecognized function or variable 'patient_zero_coord'.

 ERROR in simulation var_beta1575467583! Here is the log of the error: 
MATLAB:UndefinedFunction
Unrecognized function or variable 'patient_zero_coord'.

 ERROR in simulation var_beta1575467605! Here is the log of the error: 
MATLAB:UndefinedFunction
Unrecognized function or variable 'patient_zero_coord'.

 ERROR in simulation test1575467688! Here is the log of the error: 
MATLAB:UndefinedFunction
Unrecognized function or variable 'patient_zero_coord'.

 ERROR in simulation test1575467756! Here is the log of the error: 
MATLAB:badsubscript
Index exceeds the number of array elements (1).
